36
15
0
1
00f0
fff0
0f00
fffffff0
0fffffff
ffffffff
