00000005
0000000A
000000FF
FFFFFFFF
00000003
00000100
00000104
00000108
00000007
00000100
00000104
00000108
00000100
00000104
00000009
000000AA
00000055
000000FF
00000001
00000001
00000002
00000000
12345000
00000000
00000000
00000000
00000000
00000000
00000000
00000000
00000000
00000000
00000000